2025-11-18 15:09:23,069 - INFO - Camera configured: (1280, 720)
2025-11-18 15:09:23,070 - INFO - Initialized color detection system in accurate mode
2025-11-18 15:09:23,070 - INFO - Starting color detection...
2025-11-18 15:10:39,224 - INFO - Camera configured: (1280, 720)
2025-11-18 15:10:39,225 - INFO - Initialized color detection system in accurate mode
2025-11-18 15:10:39,225 - INFO - Starting color detection...
2025-11-18 15:19:12,453 - ERROR - Failed to read frame from camera
2025-11-18 15:19:12,506 - INFO - Resources cleaned up
2025-11-18 15:19:12,507 - INFO - Application closed. Total frames: 3727, Saved: 0
2025-11-18 15:21:40,152 - INFO - Camera configured: (1280, 720)
2025-11-18 15:21:40,152 - INFO - Initialized color detection system in accurate mode
2025-11-18 15:21:40,152 - INFO - Starting color detection...
2025-11-18 15:23:13,804 - INFO - User quit application
2025-11-18 15:23:14,203 - INFO - Resources cleaned up
2025-11-18 15:23:14,203 - INFO - Application closed. Total frames: 1620, Saved: 0
2025-11-18 15:23:31,075 - INFO - Camera configured: (1280, 720)
2025-11-18 15:23:31,076 - INFO - Initialized color detection system in fast mode
2025-11-18 15:23:31,076 - INFO - Starting color detection...
2025-11-18 15:23:51,909 - INFO - User quit application
2025-11-18 15:23:52,306 - INFO - Resources cleaned up
2025-11-18 15:23:52,331 - INFO - Application closed. Total frames: 379, Saved: 0
